Removed Pin From Net: NetName=FUSED_VBAT- Pin=X900-1
Removed Pin From Net: NetName=EXT_DC_ISO+ Pin=X900-2
Removed Pin From Net: NetName=FUSED_VBAT- Pin=X900-3
Removed Pin From Net: NetName=EXT_DC_ISO+ Pin=X900-4
Removed Pin From Net: NetName=FUSED_VBAT- Pin=X900-5
Removed Pin From Net: NetName=EXT_DC_ISO+ Pin=X900-6
Add component: Footprint Not Found CAPC1608X08N
Add component: Footprint Not Found CAPC1608X08N
Add component: Footprint Not Found SOIC127P700X220-4L
Add component: Footprint Not Found SOIC127P700X220-4L
Add component: Footprint Not Found SOIC127P700X220-4L
Add component: Footprint Not Found SOIC127P700X220-4L
Add component: Footprint Not Found SOIC127P700X220-4L
Add component: Footprint Not Found SOIC127P700X220-4L
Add component: Footprint Not Found SOIC127P700X220-4L
Add component: Footprint Not Found SOIC127P700X220-4L
Add component: Footprint Not Found SOIC127P700X220-4L
Add component: Footprint Not Found SOIC127P700X220-4L
Add component: Footprint Not Found SOIC127P700X220-4L
Add component: Footprint Not Found SOIC127P700X220-4L
Add component: Footprint Not Found SOIC127P700X220-4L
Add component: Footprint Not Found SOIC127P700X220-4L
Add component: Footprint Not Found SOIC127P700X220-4L
Add component: Footprint Not Found SOIC127P700X220-4L
Add component: Footprint Not Found SOIC127P700X220-4L
Add component: Footprint Not Found SOIC127P700X220-4L
Add component: Footprint Not Found SOIC127P700X220-4L
Add component: Footprint Not Found SOIC127P700X220-4L
Add component: Footprint Not Found SOIC127P700X220-4L
Add component: Footprint Not Found SOIC127P700X220-4L
Add component: Footprint Not Found SOIC127P700X220-4L
Add component: Footprint Not Found SOIC127P700X220-4L
Add component: Footprint Not Found SOIC127P700X220-4L
Add component: Footprint Not Found SOIC127P700X220-4L
Add component: Footprint Not Found SOIC127P700X220-4L
Add component: Footprint Not Found SOIC127P700X220-4L
Add component: Footprint Not Found SOIC127P700X220-4L
Add component: Footprint Not Found SOIC127P700X220-4L
Add component: Footprint Not Found SOIC127P700X220-4L
Add component: Footprint Not Found SOIC127P700X220-4L
Add component: Footprint Not Found SOIC127P700X220-4L
Add component: Footprint Not Found SOIC127P700X220-4L
Add component: Footprint Not Found SOIC127P700X220-4L
Add component: Footprint Not Found SOIC127P700X220-4L
Add Pin To Net: Unknown Pin: Pin C402-1
Add Pin To Net: Unknown Pin: Pin C402-2
Add Pin To Net: Unknown Pin: Pin C403-1
Add Pin To Net: Unknown Pin: Pin C403-2
