Removed Pin From Net: NetName=PRIMARY-DIGITAL-IO_0 Pin=X402-1
Removed Pin From Net: NetName=PRIMARY-DIGITAL-IO_1 Pin=X402-2
Removed Pin From Net: NetName=PRIMARY-DIGITAL-IO_2 Pin=X402-3
Removed Pin From Net: NetName=PRIMARY-DIGITAL-IO_3 Pin=X402-4
Removed Pin From Net: NetName=PRIMARY-DIGITAL-IO_4 Pin=X402-5
Removed Pin From Net: NetName=PRIMARY-DIGITAL-IO_5 Pin=X402-6
Removed Pin From Net: NetName=PRIMARY-DIGITAL-IO_6 Pin=X402-7
Removed Pin From Net: NetName=PRIMARY-DIGITAL-IO_7 Pin=X402-8
Removed Pin From Net: NetName=+5.0V_VREG_1 Pin=X402-9
Removed Pin From Net: NetName=FUSED_VBAT- Pin=X402-10
Removed Pin From Net: NetName=SECONDARY-DIGITAL-IO_0 Pin=X403-1
Removed Pin From Net: NetName=SECONDARY-DIGITAL-IO_1 Pin=X403-2
Removed Pin From Net: NetName=SECONDARY-DIGITAL-IO_2 Pin=X403-3
Removed Pin From Net: NetName=SECONDARY-DIGITAL-IO_3 Pin=X403-4
Removed Pin From Net: NetName=SECONDARY-DIGITAL-IO_4 Pin=X403-5
Removed Pin From Net: NetName=SECONDARY-DIGITAL-IO_5 Pin=X403-6
Removed Pin From Net: NetName=SECONDARY-DIGITAL-IO_6 Pin=X403-7
Removed Pin From Net: NetName=SECONDARY-DIGITAL-IO_7 Pin=X403-8
Removed Pin From Net: NetName=+5.0V_VREG_2 Pin=X403-9
Removed Pin From Net: NetName=FUSED_VBAT- Pin=X403-10
Removed Pin From Net: NetName=+3.0V_VREF2_1 Pin=X404-1
Removed Pin From Net: NetName=+3.0V_VREF2_2 Pin=X404-2
Removed Pin From Net: NetName=+5.0V_VREG_1 Pin=X404-3
Removed Pin From Net: NetName=+5.0V_VREG_2 Pin=X404-4
Removed Pin From Net: NetName=PRIMARY-GPIO1-OPT Pin=X404-5
Removed Pin From Net: NetName=SECONDARY-GPIO1-OPT Pin=X404-6
Removed Pin From Net: NetName=PRIMARY-GPIO2-OPT Pin=X404-7
Removed Pin From Net: NetName=SECONDARY-GPIO2-OPT Pin=X404-8
Removed Pin From Net: NetName=PRIMARY-GPIO3-OPT Pin=X404-9
Removed Pin From Net: NetName=SECONDARY-GPIO3-OPT Pin=X404-10
Removed Pin From Net: NetName=PRIMARY-GPIO4-OPT Pin=X404-11
Removed Pin From Net: NetName=SECONDARY-GPIO4-OPT Pin=X404-12
Removed Pin From Net: NetName=PRIMARY-GPIO5-OPT Pin=X404-13
Removed Pin From Net: NetName=SECONDARY-GPIO5-OPT Pin=X404-14
Removed Pin From Net: NetName=PRIMARY-WDT Pin=X404-15
Removed Pin From Net: NetName=SECONDARY-WDT Pin=X404-16
Removed Pin From Net: NetName=PRIMARY-TEMP-ALERT Pin=X404-17
Removed Pin From Net: NetName=SECONDARY-TEMP-ALERT Pin=X404-18
Removed Pin From Net: NetName=FUSED_VBAT- Pin=X404-19
Removed Pin From Net: NetName=FUSED_VBAT- Pin=X404-20
Removed Pin From Net: NetName=PRIMARY-GPIO6 Pin=X405-1
Removed Pin From Net: NetName=SECONDARY-GPIO6 Pin=X405-2
Removed Pin From Net: NetName=PRIMARY-GPIO7 Pin=X405-3
Removed Pin From Net: NetName=SECONDARY-GPIO7 Pin=X405-4
Removed Pin From Net: NetName=PRIMARY-GPIO8 Pin=X405-5
Removed Pin From Net: NetName=SECONDARY-GPIO8 Pin=X405-6
Removed Pin From Net: NetName=PRIMARY-GPIO9 Pin=X405-7
Removed Pin From Net: NetName=SECONDARY-GPIO9 Pin=X405-8
Add component: Footprint Not Found SOIC127P700X220-4L
Add component: Footprint Not Found SOIC127P700X220-4L
Add component: Footprint Not Found SOIC127P700X220-4L
Add component: Footprint Not Found SOIC127P700X220-4L
Add component: Footprint Not Found SOIC127P700X220-4L
Add component: Footprint Not Found SOIC127P700X220-4L
Add component: Footprint Not Found SOIC127P700X220-4L
Add component: Footprint Not Found SOIC127P700X220-4L
Add component: Footprint Not Found SOIC127P700X220-4L
Add component: Footprint Not Found SOIC127P700X220-4L
Add component: Footprint Not Found SOIC127P700X220-4L
Add component: Footprint Not Found SOIC127P700X220-4L
Add component: Footprint Not Found SOIC127P700X220-4L
Add component: Footprint Not Found SOIC127P700X220-4L
Add component: Footprint Not Found SOIC127P700X220-4L
Add component: Footprint Not Found SOIC127P700X220-4L
Add component: Footprint Not Found SOIC127P700X220-4L
Add component: Footprint Not Found SOIC127P700X220-4L
Add component: Footprint Not Found SOIC127P700X220-4L
Add component: Footprint Not Found SOIC127P700X220-4L
Add component: Footprint Not Found SOIC127P700X220-4L
Add component: Footprint Not Found SOIC127P700X220-4L
Add component: Footprint Not Found SOIC127P700X220-4L
Add component: Footprint Not Found SOIC127P700X220-4L
Add component: Footprint Not Found SOIC127P700X220-4L
Add component: Footprint Not Found SOIC127P700X220-4L
Add component: Footprint Not Found SOIC127P700X220-4L
Add component: Footprint Not Found SOIC127P700X220-4L
Add component: Footprint Not Found SOIC127P700X220-4L
Add component: Footprint Not Found SOIC127P700X220-4L
Add component: Footprint Not Found SOIC127P700X220-4L
Add component: Footprint Not Found SOIC127P700X220-4L
Add component: Footprint Not Found SOIC127P700X220-4L
Add component: Footprint Not Found SOIC127P700X220-4L
Add component: Footprint Not Found SOIC127P700X220-4L
Add component: Footprint Not Found SOIC127P700X220-4L
