Removed Pin From Net: NetName=SECONDARY-T-SENSOR_0 Pin=x202-1
Removed Pin From Net: NetName=FUSED_VBAT- Pin=x202-2
Removed Pin From Net: NetName=SECONDARY-T-SENSOR_1 Pin=x202-3
Removed Pin From Net: NetName=FUSED_VBAT- Pin=x202-4
Removed Pin From Net: NetName=SECONDARY-T-SENSOR_2 Pin=x202-5
Removed Pin From Net: NetName=FUSED_VBAT- Pin=x202-6
Removed Pin From Net: NetName=SECONDARY-T-SENSOR_3 Pin=x202-7
Removed Pin From Net: NetName=FUSED_VBAT- Pin=x202-8
Removed Pin From Net: NetName=SECONDARY-T-SENSOR_4 Pin=x202-9
Removed Pin From Net: NetName=FUSED_VBAT- Pin=x202-10
Removed Pin From Net: NetName=SECONDARY-T-SENSOR_5 Pin=x202-11
Removed Pin From Net: NetName=FUSED_VBAT- Pin=x202-12
Removed Pin From Net: NetName=SECONDARY-T-SENSOR_6 Pin=x202-13
Removed Pin From Net: NetName=FUSED_VBAT- Pin=x202-14
Removed Pin From Net: NetName=SECONDARY-T-SENSOR_7 Pin=x202-15
Removed Pin From Net: NetName=FUSED_VBAT- Pin=x202-16
Removed Pin From Net: NetName=PRIMARY-T-SENSOR_0 Pin=X201-1
Removed Pin From Net: NetName=FUSED_VBAT- Pin=X201-2
Removed Pin From Net: NetName=PRIMARY-T-SENSOR_1 Pin=X201-3
Removed Pin From Net: NetName=FUSED_VBAT- Pin=X201-4
Removed Pin From Net: NetName=PRIMARY-T-SENSOR_2 Pin=X201-5
Removed Pin From Net: NetName=FUSED_VBAT- Pin=X201-6
Removed Pin From Net: NetName=PRIMARY-T-SENSOR_3 Pin=X201-7
Removed Pin From Net: NetName=FUSED_VBAT- Pin=X201-8
Removed Pin From Net: NetName=PRIMARY-T-SENSOR_4 Pin=X201-9
Removed Pin From Net: NetName=FUSED_VBAT- Pin=X201-10
Removed Pin From Net: NetName=PRIMARY-T-SENSOR_5 Pin=X201-11
Removed Pin From Net: NetName=FUSED_VBAT- Pin=X201-12
Removed Pin From Net: NetName=PRIMARY-T-SENSOR_6 Pin=X201-13
Removed Pin From Net: NetName=FUSED_VBAT- Pin=X201-14
Removed Pin From Net: NetName=PRIMARY-T-SENSOR_7 Pin=X201-15
Removed Pin From Net: NetName=FUSED_VBAT- Pin=X201-16
Add component: Footprint Not Found SOIC127P700X220-4L
Add component: Footprint Not Found SOIC127P700X220-4L
Add component: Footprint Not Found SOIC127P700X220-4L
Add component: Footprint Not Found SOIC127P700X220-4L
Add component: Footprint Not Found SOIC127P700X220-4L
Add component: Footprint Not Found SOIC127P700X220-4L
Add component: Footprint Not Found SOIC127P700X220-4L
Add component: Footprint Not Found SOIC127P700X220-4L
Add component: Footprint Not Found SOIC127P700X220-4L
Add component: Footprint Not Found SOIC127P700X220-4L
Add component: Footprint Not Found SOIC127P700X220-4L
Add component: Footprint Not Found SOIC127P700X220-4L
Add component: Footprint Not Found SOIC127P700X220-4L
Add component: Footprint Not Found SOIC127P700X220-4L
Add component: Footprint Not Found SOIC127P700X220-4L
Add component: Footprint Not Found SOIC127P700X220-4L
Add component: Footprint Not Found SOIC127P700X220-4L
Add component: Footprint Not Found SOIC127P700X220-4L
Add component: Footprint Not Found SOIC127P700X220-4L
Add component: Footprint Not Found SOIC127P700X220-4L
Add component: Footprint Not Found SOIC127P700X220-4L
Add component: Footprint Not Found SOIC127P700X220-4L
Add component: Footprint Not Found SOIC127P700X220-4L
Add component: Footprint Not Found SOIC127P700X220-4L
Add component: Footprint Not Found SOIC127P700X220-4L
Add component: Footprint Not Found SOIC127P700X220-4L
Add component: Footprint Not Found SOIC127P700X220-4L
Add component: Footprint Not Found SOIC127P700X220-4L
Add component: Footprint Not Found SOIC127P700X220-4L
Add component: Footprint Not Found SOIC127P700X220-4L
Add component: Footprint Not Found SOIC127P700X220-4L
Add component: Footprint Not Found SOIC127P700X220-4L
Add component: Footprint Not Found SOIC127P700X220-4L
Add component: Footprint Not Found SOIC127P700X220-4L
Add component: Footprint Not Found SOIC127P700X220-4L
Add component: Footprint Not Found SOIC127P700X220-4L
Added Pin To Net: NetName=FUSED_VBAT- Pin=X201-1
Added Pin To Net: NetName=PRIMARY-T-SENSOR_7 Pin=X201-2
Added Pin To Net: NetName=FUSED_VBAT- Pin=X201-3
Added Pin To Net: NetName=PRIMARY-T-SENSOR_6 Pin=X201-4
Added Pin To Net: NetName=FUSED_VBAT- Pin=X201-5
Added Pin To Net: NetName=PRIMARY-T-SENSOR_5 Pin=X201-6
Added Pin To Net: NetName=FUSED_VBAT- Pin=X201-7
Added Pin To Net: NetName=PRIMARY-T-SENSOR_4 Pin=X201-8
Added Pin To Net: NetName=FUSED_VBAT- Pin=X201-9
Added Pin To Net: NetName=PRIMARY-T-SENSOR_3 Pin=X201-10
Added Pin To Net: NetName=FUSED_VBAT- Pin=X201-11
Added Pin To Net: NetName=PRIMARY-T-SENSOR_2 Pin=X201-12
Added Pin To Net: NetName=FUSED_VBAT- Pin=X201-13
Added Pin To Net: NetName=PRIMARY-T-SENSOR_1 Pin=X201-14
Added Pin To Net: NetName=FUSED_VBAT- Pin=X201-15
Added Pin To Net: NetName=PRIMARY-T-SENSOR_0 Pin=X201-16
Added Pin To Net: NetName=FUSED_VBAT- Pin=x202-1
Added Pin To Net: NetName=SECONDARY-T-SENSOR_7 Pin=x202-2
Added Pin To Net: NetName=FUSED_VBAT- Pin=x202-3
Added Pin To Net: NetName=SECONDARY-T-SENSOR_6 Pin=x202-4
Added Pin To Net: NetName=FUSED_VBAT- Pin=x202-5
Added Pin To Net: NetName=SECONDARY-T-SENSOR_5 Pin=x202-6
Added Pin To Net: NetName=FUSED_VBAT- Pin=x202-7
Added Pin To Net: NetName=SECONDARY-T-SENSOR_4 Pin=x202-8
Added Pin To Net: NetName=FUSED_VBAT- Pin=x202-9
Added Pin To Net: NetName=SECONDARY-T-SENSOR_3 Pin=x202-10
Added Pin To Net: NetName=FUSED_VBAT- Pin=x202-11
Added Pin To Net: NetName=SECONDARY-T-SENSOR_2 Pin=x202-12
Added Pin To Net: NetName=FUSED_VBAT- Pin=x202-13
Added Pin To Net: NetName=SECONDARY-T-SENSOR_1 Pin=x202-14
Added Pin To Net: NetName=FUSED_VBAT- Pin=x202-15
Added Pin To Net: NetName=SECONDARY-T-SENSOR_0 Pin=x202-16
